---
source: tests/common/mod.rs
description: "true + \"s\"; // expect runtime error: Operands must be two numbers or two strings.\n"
input_file: test_files/operator/add_bool_string.lox
---
OUT: 

===
ERR: 
  × invalid operands, expected two numbers or string
   ╭────
 1 │ true + "s"; // expect runtime error: Operands must be two numbers or two strings.
   ·      ┬
   ·      ╰── here
   ╰────
