---
source: tests/common/mod.rs
description: "1 + nil; // expect runtime error: Operands must be two numbers or two strings.\n"
input_file: crafting_interpreters_test_files/operator/add_num_nil.lox
---
OUT: 

===
ERR: 
  × invalid operands, expected two numbers or string
   ╭────
 1 │ 1 + nil; // expect runtime error: Operands must be two numbers or two strings.
   ·   ┬
   ·   ╰── here
   ╰────
