---
source: tests/common/mod.rs
description: "// [line 2] Error at 'fun': Expect expression.\nif (true) \"ok\"; else fun foo() {}\n"
input_file: crafting_interpreters_test_files/if/fun_in_else.lox
---
OUT: 

===
ERR: 
  × Static errors

Error:   × expected one of the following: 'number, (, -, !, string, ident, nil, true, false, this, super', found 'fun'
   ╭─[2:22]
 1 │ // [line 2] Error at 'fun': Expect expression.
 2 │ if (true) "ok"; else fun foo() {}
   ·                      ─┬─
   ·                       ╰── here
   ╰────
