---
source: tests/common/mod.rs
description: "// Single-expression body.\nfor (var c = 0; c < 3;) print c = c + 1;\n// expect: 1\n// expect: 2\n// expect: 3\n\n// Block body.\nfor (var a = 0; a < 3; a = a + 1) {\n  print a;\n}\n// expect: 0\n// expect: 1\n// expect: 2\n\n// No clauses.\nfun foo() {\n  for (;;) return \"done\";\n}\nprint foo(); // expect: done\n\n// No variable.\nvar i = 0;\nfor (; i < 2; i = i + 1) print i;\n// expect: 0\n// expect: 1\n\n// No condition.\nfun bar() {\n  for (var i = 0;; i = i + 1) {\n    print i;\n    if (i >= 2) return;\n  }\n}\nbar();\n// expect: 0\n// expect: 1\n// expect: 2\n\n// No increment.\nfor (var i = 0; i < 2;) {\n  print i;\n  i = i + 1;\n}\n// expect: 0\n// expect: 1\n\n// Statement bodies.\nfor (; false;) if (true) 1; else 2;\nfor (; false;) while (true) 1;\nfor (; false;) for (;;) 1;\n"
input_file: crafting_interpreters_test_files/for/syntax.lox
---
OUT: 
1
2
3
0
1
2
done
0
1
0
1
2
0
1

===
ERR:
